[backblue.gif]
[fade.gif]
[index.html]
[nimbletechng.com/wp-includes/js/jquery/jqueryb8ff.js]
[nimbletechng.com/wp-includes/js/jquery/jquery-migrate.min330a.js]
[nimbletechng.com/wp-content/themes/salient/js/modernizr61da.js]
[nimbletechng.com/xmlrpc0db0.php]
[nimbletechng.com/wp-includes/wlwmanifest.xml]
[nimbletechng.com/wp-content/themes/salient/css/fonts/Lovelo_Black.eot]
[nimbletechng.com/wp-content/themes/salient/css/fonts/Lovelo_Black.woff]
[nimbletechng.com/wp-content/themes/salient/css/fonts/Lovelo_Black.ttf]
[nimbletechng.com/wp-content/themes/salient/css/fonts/Lovelo_Blackd41d.eot]
[nimbletechng.com/wp-content/uploads/2017/08/Artboard-4-50x50.png]
[nimbletechng.com/wp-content/uploads/2017/08/Artboard-4.png]
[nimbletechng.com/wp-content/uploads/2017/08/Nimble-tech-logo-WHITE-07.png]
[nimbletechng.com/wp-content/uploads/2017/08/Nimble-tech-white-icon-logo104X105.png]
[nimbletechng.com/wp-content/uploads/2017/08/Nimble-tech-white-icon-logo-200px.png]
[nimbletechng.com/wp-content/uploads/2017/08/Nimbletech_icon_grey_100px.png]
[nimbletechng.com/wp-content/uploads/2017/08/Nimbletech_icon_grey_200px.png]
[nimbletechng.com/wp-content/uploads/2017/08/pattern-1.png]
[nimbletechng.com/wp-content/uploads/2013/06/White-RedBG.png]
[nimbletechng.com/wp-content/uploads/2017/08/Satalite.png]
[nimbletechng.com/wp-content/uploads/2017/08/Fibre.png]
[nimbletechng.com/wp-content/uploads/2017/08/Antenanimbme-1.png]
[nimbletechng.com/wp-content/uploads/2017/08/BACKGROUND-VOICE-SERVICESff.png]
[nimbletechng.com/wp-content/uploads/2017/08/Computing__Networking.png]
[nimbletechng.com/wp-content/uploads/2017/08/Data__storage.png]
[nimbletechng.com/wp-content/uploads/2017/08/Survillance.png]
[nimbletechng.com/wp-content/uploads/2017/08/OFFICE-1.png]
[nimbletechng.com/wp-content/uploads/2017/08/rsz_pexels-photo-515166.jpg]
[nimbletechng.com/wp-content/uploads/2013/06/Jul.png]
[nimbletechng.com/wp-content/uploads/2017/08/Agro_Nig.png]
[nimbletechng.com/wp-content/uploads/2017/08/3_Cnet_nimble.png]
[nimbletechng.com/wp-content/uploads/2017/08/Bankerswarehouse_Nimble.png]
[nimbletechng.com/wp-content/uploads/2017/08/GCM_Nimble.png]
[nimbletechng.com/wp-content/uploads/2017/08/zeta_web_logo_nimble.png]
[nimbletechng.com/wp-content/uploads/2017/08/Lifeflourmill_nimble.png]
[nimbletechng.com/wp-content/uploads/2013/06/Cisco.png]
[nimbletechng.com/wp-content/uploads/2013/06/Dell.png]
[nimbletechng.com/wp-content/uploads/2013/06/NetApp.png]
[nimbletechng.com/wp-content/uploads/2017/08/Mobiwork.png]
[nimbletechng.com/wp-content/uploads/2013/06/Symnatec.png]
[nimbletechng.com/wp-content/uploads/2013/06/Acer.png]
[nimbletechng.com/wp-content/uploads/2013/06/APC.png]
[nimbletechng.com/wp-content/uploads/2013/06/Dlink.png]
[nimbletechng.com/wp-content/uploads/2013/06/HP.png]
[nimbletechng.com/wp-content/uploads/2013/06/Kaspersky.png]
[nimbletechng.com/wp-content/uploads/2013/06/Lenovo.png]
[nimbletechng.com/wp-content/uploads/2013/06/MS.png]
[nimbletechng.com/wp-content/uploads/2017/08/Nimble-tech-logo-WHITE-07-300x169.png]
[nimbletechng.com/wp-includes/js/jquery/ui/core.mine899.js]
[nimbletechng.com/wp-includes/js/jquery/ui/widget.mine899.js]
[nimbletechng.com/wp-includes/js/jquery/ui/position.mine899.js]
[nimbletechng.com/wp-includes/js/jquery/ui/menu.mine899.js]
[nimbletechng.com/wp-includes/js/wp-a11y.min578a.js]
[nimbletechng.com/wp-includes/js/jquery/ui/autocomplete.mine899.js]
[nimbletechng.com/wp-content/themes/salient/nectar/assets/functions/ajax-search/wpss-search-suggest.js]
[nimbletechng.com/wp-content/plugins/contact-form-7/includes/js/scripts5560.js]
[nimbletechng.com/wp-content/themes/salient/js/prettyPhotof0a0.js]
[nimbletechng.com/wp-content/themes/salient/js/caroufredsel.minf0a0.js]
[nimbletechng.com/wp-content/themes/salient/js/superfishb493.js]
[nimbletechng.com/wp-content/themes/salient/js/inita758.js]
[nimbletechng.com/wp-content/themes/salient/js/nectar-sliderf0a0.js]
[nimbletechng.com/wp-includes/js/comment-reply.min578a.js]
[nimbletechng.com/wp-includes/js/wp-embed.min578a.js]
[nimbletechng.com/wp-content/plugins/js_composer_salient/assets/js/dist/js_composer_front.min2720.js]
[nimbletechng.com/index.html]
[nimbletechng.com/feed/index.html]
[nimbletechng.com/comments/feed/index.html]
[nimbletechng.com/home-extended/feed/index.html]
[nimbletechng.com/wp-content/plugins/contact-form-7/images/ajax-loader.gif]
[nimbletechng.com/wp-content/plugins/contact-form-7/includes/css/styles5560.css]
[nimbletechng.com/wp-content/themes/salient/css/rgs37ad.css]
[nimbletechng.com/wp-content/themes/salient/css/fonts/fontawesome-webfont3ea6.eot]
[nimbletechng.com/wp-content/themes/salient/css/fonts/fontawesome-webfontd41d.eot]
[nimbletechng.com/wp-content/themes/salient/css/fonts/fontawesome-webfont3ea6.woff]
[nimbletechng.com/wp-content/themes/salient/css/fonts/fontawesome-webfont3ea6.ttf]
[nimbletechng.com/wp-content/themes/salient/css/font-awesome.min578a.css]
[nimbletechng.com/wp-content/themes/salient/css/fonts/OpenSans-Light-webfont.eot]
[nimbletechng.com/wp-content/themes/salient/css/fonts/OpenSans-Light-webfontd41d.eot]
[nimbletechng.com/wp-content/themes/salient/css/fonts/OpenSans-Light-webfont.woff]
[nimbletechng.com/wp-content/themes/salient/css/fonts/OpenSans-Light-webfont.ttf]
[nimbletechng.com/wp-content/themes/salient/css/fonts/OpenSans-Regular-webfont.eot]
[nimbletechng.com/wp-content/themes/salient/css/fonts/OpenSans-Regular-webfont.woff]
[nimbletechng.com/wp-content/themes/salient/css/fonts/OpenSans-Regular-webfontd41d.eot]
[nimbletechng.com/wp-content/themes/salient/css/fonts/OpenSans-Regular-webfont.ttf]
[nimbletechng.com/wp-content/themes/salient/css/fonts/OpenSans-Semibold-webfont.eot]
[nimbletechng.com/wp-content/themes/salient/css/fonts/OpenSans-Semibold-webfont.woff]
[nimbletechng.com/wp-content/themes/salient/css/fonts/OpenSans-Semibold-webfontd41d.eot]
[nimbletechng.com/wp-content/themes/salient/css/fonts/OpenSans-Semibold-webfont.ttf]
[nimbletechng.com/wp-content/themes/salient/css/fonts/OpenSansBold-webfont.eot]
[nimbletechng.com/wp-content/themes/salient/css/fonts/OpenSansBold-webfont.woff]
[nimbletechng.com/wp-content/themes/salient/css/fonts/OpenSansBold-webfontd41d.eot]
[nimbletechng.com/wp-content/themes/salient/css/fonts/OpenSansBold-webfont.ttf]
[nimbletechng.com/wp-content/themes/salient/img/icons/loading-white-bg.gif]
[nimbletechng.com/wp-content/themes/salient/img/icons/mag-glass-mobile.png]
[nimbletechng.com/wp-content/themes/salient/img/icons/mag-glass-mobile@2x.png]
[nimbletechng.com/wp-content/themes/salient/img/textures/diagonal_line.png]
[nimbletechng.com/wp-content/themes/salient/img/icons/nectar-loading.gif]
[nimbletechng.com/wp-content/themes/salient/img/textures/grid.png]
[nimbletechng.com/wp-content/themes/salient/img/icons/slider-arrows-small.png]
[nimbletechng.com/wp-content/themes/salient/img/icons/jplayer.png]
[nimbletechng.com/wp-content/themes/salient/img/transparent.png]
[nimbletechng.com/wp-content/themes/salient/img/icons/quote.png]
[nimbletechng.com/wp-content/themes/salient/img/icons/link.png]
[nimbletechng.com/wp-content/themes/salient/img/icons/status.png]
[nimbletechng.com/wp-content/themes/salient/img/icons/aside.png]
[nimbletechng.com/wp-content/themes/salient/img/icons/quote@2x.png]
[nimbletechng.com/wp-content/themes/salient/img/icons/link@2x.png]
[nimbletechng.com/wp-content/themes/salient/img/icons/status@2x.png]
[nimbletechng.com/wp-content/themes/salient/img/icons/aside@2x.png]
[nimbletechng.com/wp-content/themes/salient/img/icons/portfolio-arrows.png]
[nimbletechng.com/wp-content/themes/salient/img/icons/portfolio-arrows@2x.png]
[nimbletechng.com/wp-content/themes/salient/img/icons/comment-children-line.jpg]
[nimbletechng.com/wp-content/themes/salient/css/fonts/icomoon.eot]
[nimbletechng.com/wp-content/themes/salient/css/fonts/icomoond41d.eot]
[nimbletechng.com/wp-content/themes/salient/css/fonts/icomoon.woff]
[nimbletechng.com/wp-content/themes/salient/css/fonts/icomoon.ttf]
[nimbletechng.com/wp-content/themes/salient/css/fonts/linecons.eot]
[nimbletechng.com/wp-content/themes/salient/css/fonts/linecons.ttf]
[nimbletechng.com/wp-content/themes/salient/css/fonts/linecons.woff]
[nimbletechng.com/wp-content/themes/salient/css/fonts/lineconsd41d.eot]
[nimbletechng.com/wp-content/themes/salient/css/fonts/steadysets.eot]
[nimbletechng.com/wp-content/themes/salient/css/fonts/steadysetsd41d.eot]
[nimbletechng.com/wp-content/themes/salient/css/fonts/steadysets.ttf]
[nimbletechng.com/wp-content/themes/salient/css/fonts/steadysets.woff]
[nimbletechng.com/wp-content/themes/salient/stylea758.css]
[nimbletechng.com/wp-content/themes/salient/css/prettyPhotof0a0.css]
[nimbletechng.com/wp-content/themes/salient/css/responsivea758.css]
[nimbletechng.com/wp-content/themes/salient/css/ascendf0a0.css]
[nimbletechng.com/wp-content/plugins/js_composer_salient/assets/images/icons/address-book.png]
[nimbletechng.com/wp-content/plugins/js_composer_salient/assets/images/icons/alarm-clock.png]
[nimbletechng.com/wp-content/plugins/js_composer_salient/assets/images/icons/anchor.png]
[nimbletechng.com/wp-content/plugins/js_composer_salient/assets/images/icons/application-image.png]
[nimbletechng.com/wp-content/plugins/js_composer_salient/assets/images/icons/arrow.png]
[nimbletechng.com/wp-content/plugins/js_composer_salient/assets/images/icons/asterisk.png]
[nimbletechng.com/wp-content/plugins/js_composer_salient/assets/images/icons/auction-hammer.png]
[nimbletechng.com/wp-content/plugins/js_composer_salient/assets/images/icons/balloon.png]
[nimbletechng.com/wp-content/plugins/js_composer_salient/assets/images/icons/balloon-buzz.png]
[nimbletechng.com/wp-content/plugins/js_composer_salient/assets/images/icons/balloon-facebook.png]
[nimbletechng.com/wp-content/plugins/js_composer_salient/assets/images/icons/balloon-twitter.png]
[nimbletechng.com/wp-content/plugins/js_composer_salient/assets/images/icons/battery-full.png]
[nimbletechng.com/wp-content/plugins/js_composer_salient/assets/images/icons/binocular.png]
[nimbletechng.com/wp-content/plugins/js_composer_salient/assets/images/icons/blue-document-excel.png]
[nimbletechng.com/wp-content/plugins/js_composer_salient/assets/images/icons/blue-document-image.png]
[nimbletechng.com/wp-content/plugins/js_composer_salient/assets/images/icons/blue-document-music.png]
[nimbletechng.com/wp-content/plugins/js_composer_salient/assets/images/icons/blue-document-office.png]
[nimbletechng.com/wp-content/plugins/js_composer_salient/assets/images/icons/blue-document-pdf.png]
[nimbletechng.com/wp-content/plugins/js_composer_salient/assets/images/icons/blue-document-powerpoint.png]
[nimbletechng.com/wp-content/plugins/js_composer_salient/assets/images/icons/blue-document-word.png]
[nimbletechng.com/wp-content/plugins/js_composer_salient/assets/images/icons/bookmark.png]
[nimbletechng.com/wp-content/plugins/js_composer_salient/assets/images/icons/camcorder.png]
[nimbletechng.com/wp-content/plugins/js_composer_salient/assets/images/icons/camera.png]
[nimbletechng.com/wp-content/plugins/js_composer_salient/assets/images/icons/chart.png]
[nimbletechng.com/wp-content/plugins/js_composer_salient/assets/images/icons/chart-pie.png]
[nimbletechng.com/wp-content/plugins/js_composer_salient/assets/images/icons/clock.png]
[nimbletechng.com/wp-content/plugins/js_composer_salient/assets/images/icons/control.png]
[nimbletechng.com/wp-content/plugins/js_composer_salient/assets/images/icons/fire.png]
[nimbletechng.com/wp-content/plugins/js_composer_salient/assets/images/icons/heart.png]
[nimbletechng.com/wp-content/plugins/js_composer_salient/assets/images/icons/mail.png]
[nimbletechng.com/wp-content/plugins/js_composer_salient/assets/images/icons/plus-shield.png]
[nimbletechng.com/wp-content/plugins/js_composer_salient/assets/images/icons/video.png]
[nimbletechng.com/wp-content/plugins/js_composer_salient/assets/vc/alert.png]
[nimbletechng.com/wp-content/plugins/js_composer_salient/assets/vc/info.png]
[nimbletechng.com/wp-content/plugins/js_composer_salient/assets/vc/tick.png]
[nimbletechng.com/wp-content/plugins/js_composer_salient/assets/vc/exclamation.png]
[nimbletechng.com/wp-content/plugins/js_composer_salient/assets/images/toggle_open.png]
[nimbletechng.com/wp-content/plugins/js_composer_salient/assets/images/toggle_close.png]
[nimbletechng.com/wp-content/plugins/js_composer_salient/assets/images/flickr.png]
[nimbletechng.com/wp-content/plugins/js_composer_salient/assets/css/js_composer.min2720.css]
[nimbletechng.com/wp-json/index.html]
[nimbletechng.com/wp-json/oembed/1.0/embed5943.html]
[nimbletechng.com/wp-json/oembed/1.0/embed443a.html]
[nimbletechng.com/index82ab.html]
[nimbletechng.com/wp-content/themes/salient/css/fonts/Lovelo_Black.svg]
[nimbletechng.com/wp-content/themes/salient/css/fonts/fontawesome-webfont.svg]
[nimbletechng.com/wp-content/themes/salient/css/fonts/OpenSans-Light-webfont.svg]
[nimbletechng.com/wp-content/themes/salient/css/fonts/OpenSans-Regular-webfont.svg]
[nimbletechng.com/wp-content/themes/salient/css/fonts/OpenSans-Semibold-webfont.svg]
[nimbletechng.com/wp-content/themes/salient/css/fonts/OpenSansBold-webfont.svg]
[nimbletechng.com/wp-content/themes/salient/img/icons/social/behance-header-black.html]
[nimbletechng.com/wp-content/themes/salient/css/fonts/icomoon.svg]
[nimbletechng.com/wp-content/themes/salient/css/fonts/linecons.svg]
[nimbletechng.com/wp-content/themes/salient/css/fonts/steadysets.svg]
[nimbletechng.com/wp-content/themes/salient/css/img/prettyPhoto/dark_rounded/loader.html]
[nimbletechng.com/wp-content/themes/salient/img/icons/social/vimeo-header-black.png]
